// Jest Snapshot v1, https://goo.gl/fbAQLP

exports[`Snapshot testing for DetailsForm component 1`] = `
<div>
  <div
    className="flight_detail"
  >
    <span
      className="flight_detail--items flight_detail--items--img"
    >
      <img
        alt="flightimg"
        className="flight_detail--image"
        src="test-file-stub"
      />
    </span>
    <span
      className="flight_detail--items"
    >
      <div
        className="flight_detail--items--info"
      />
      <div
        className="flight_detail--items--info--about"
      />
    </span>
    <span
      className="flight_detail--items"
    >
      <div
        className="flight_detail--items--info"
      />
      <div
        className="flight_detail--items--info--about"
      >
        
      </div>
    </span>
    <span
      className="flight_detail--items"
    >
      <div
        className="flight_detail--items--info"
      />
      <div
        className="flight_detail--items--info--about"
      >
        
      </div>
    </span>
    <span
      className="flight_detail--items flight_detail--items--timeTaken"
    >
      <div
        className="flight_detail--items--info flight_detail--items--info"
      />
      <div
        className="flight_detail--items--info--about"
      >
        Non-Stop
      </div>
    </span>
    <span
      className="flight_detail--items flight_detail--items--amount"
    >
      <div
        className="flight_detail--items--info "
      >
        â‚¹ 
      </div>
    </span>
  </div>
</div>
`;
