// Jest Snapshot v1, https://goo.gl/fbAQLP

exports[`Snapshot testing for FlightDetail component 1`] = `
<div>
  <DetailsForm
    isMultiple={false}
    timeTaken="NaNh NaNm"
  />
</div>
`;
